// Jest Snapshot v1, https://goo.gl/fbAQLP

exports[`setup tasks choice invokes listr-inquirer with a choice list 1`] = `
Array [
  Object {
    "choices": Array [
      "choice1",
      "choice2",
    ],
    "message": "msg",
    "name": "choice",
    "type": "list",
  },
]
`;

exports[`setup tasks confirm 1`] = `
Object {
  "message": "confirm-msg",
  "name": "continue",
  "type": "confirm",
}
`;

exports[`setup tasks customPath shows custom path input option 1`] = `
Object {
  "message": "path-label",
  "name": "customPath",
  "type": "input",
  "validate": [Function],
  "when": [Function],
}
`;

exports[`setup tasks customPath starts with a confirmation 1`] = `
Object {
  "message": "confirm-msg",
  "name": "continue",
  "type": "confirm",
}
`;

exports[`setup tasks detectExecutable asks for a custom path if path(s) not automatically detected 1`] = `
Object {
  "label": "Absolute path:",
  "title": "Failed to detect brd executable. Do you want to set a custom path?",
}
`;

exports[`setup tasks detectExecutable finishes without user interaction and picks first executable path if option "default" is true 1`] = `"brd found at 'brd-path' (vbrd-version)"`;

exports[`setup tasks detectExecutable finishes without user interaction if there is only one executable path found 1`] = `"brd found at 'brd-path' (vbrd-version)"`;

exports[`setup tasks detectExecutable has a title 1`] = `"Detect brd executable"`;

exports[`setup tasks detectExecutable presents a list if there is more than one executable path possible 1`] = `"How should the brd command be invoked?"`;
