// Jest Snapshot v1, https://goo.gl/fbAQLP

exports[`Executable Lookup Service class create throws an error if executable lookup is not found 1`] = `"Failed to create executable brd with path brd-path. No executable lookup defined for brd."`;
